\BOOKMARK [0][-]{chapter.1}{\376\377\000U\000v\000o\000d}{}% 1
\BOOKMARK [1][-]{section.1.1}{\376\377\000M\000o\000t\000i\000v\000a\000c\000i\000j\000a}{chapter.1}% 2
\BOOKMARK [1][-]{section.1.2}{\376\377\000C\000i\000l\000j\000e\000v\000i\000\040\000i\000\040\000o\000b\000i\000m\000\040\000r\000a\000d\000a}{chapter.1}% 3
\BOOKMARK [1][-]{section.1.3}{\376\377\000S\000t\000r\000u\000k\000t\000u\000r\000a\000\040\000r\000a\000d\000a}{chapter.1}% 4
\BOOKMARK [0][-]{chapter.2}{\376\377\000P\000r\000e\000g\000l\000e\000d\000\040\000p\000o\000s\000t\000o\000j\000e\001\007\000i\000h\000\040\000r\000e\001\141\000e\000n\000j\000a\000\040\000i\000\040\000t\000e\000o\000r\000i\000j\000s\000k\000e\000\040\000o\000s\000n\000o\000v\000e}{}% 5
\BOOKMARK [1][-]{section.2.1}{\376\377\000K\000o\000m\000e\000r\000c\000i\000j\000a\000l\000n\000a\000\040\000i\000\040\000o\000t\000v\000o\000r\000e\000n\000a\000\040\000r\000e\001\141\000e\000n\000j\000a\000\040\000z\000a\000\040\000r\000u\000t\000i\000r\000a\000n\000j\000e\000\040\000t\000e\000r\000e\000t\000n\000i\000h\000\040\000v\000o\000z\000i\000l\000a}{chapter.2}% 6
\BOOKMARK [1][-]{section.2.2}{\376\377\000D\000i\000s\000t\000r\000i\000b\000u\000i\000r\000a\000n\000i\000\040\000s\000i\000s\000t\000e\000m\000i\000\040\040\024\000\040\000o\000s\000n\000o\000v\000n\000i\000\040\000p\000o\000j\000m\000o\000v\000i}{chapter.2}% 7
\BOOKMARK [1][-]{section.2.3}{\376\377\000G\000r\000a\000f\000o\000v\000i\000\040\000i\000\040\000a\000l\000g\000o\000r\000i\000t\000m\000i\000\040\000n\000a\000j\000k\000r\000a\001\007\000e\000g\000\040\000p\000u\000t\000a}{chapter.2}% 8
\BOOKMARK [1][-]{section.2.4}{\376\377\000O\000p\000e\000n\000S\000t\000r\000e\000e\000t\000M\000a\000p\000\040\000p\000o\000d\000a\000t\000k\000o\000v\000n\000i\000\040\000m\000o\000d\000e\000l\000\040\000i\000\040\000o\000z\000n\000a\000k\000e\000\040\000z\000a\000\040\000t\000e\000r\000e\000t\000n\000i\000\040\000s\000a\000o\000b\000r\000a\001\007\000a\000j}{chapter.2}% 9
\BOOKMARK [0][-]{chapter.3}{\376\377\000K\000o\000r\000i\001\141\001\007\000e\000n\000e\000\040\000t\000e\000h\000n\000o\000l\000o\000g\000i\000j\000e}{}% 10
\BOOKMARK [1][-]{section.3.1}{\376\377\000G\000o}{chapter.3}% 11
\BOOKMARK [1][-]{section.3.2}{\376\377\000F\000l\000u\000t\000t\000e\000r\000\040\000i\000\040\000D\000a\000r\000t}{chapter.3}% 12
\BOOKMARK [1][-]{section.3.3}{\376\377\000V\000a\000l\000h\000a\000l\000l\000a}{chapter.3}% 13
\BOOKMARK [1][-]{section.3.4}{\376\377\000P\000o\000s\000t\000g\000r\000e\000S\000Q\000L\000\040\000i\000\040\000P\000o\000s\000t\000G\000I\000S}{chapter.3}% 14
\BOOKMARK [1][-]{section.3.5}{\376\377\000R\000a\000b\000b\000i\000t\000M\000Q}{chapter.3}% 15
\BOOKMARK [1][-]{section.3.6}{\376\377\000W\000e\000b\000S\000o\000c\000k\000e\000t}{chapter.3}% 16
\BOOKMARK [1][-]{section.3.7}{\376\377\000D\000o\000c\000k\000e\000r\000\040\000i\000\040\000d\000o\000c\000k\000e\000r\000-\000c\000o\000m\000p\000o\000s\000e}{chapter.3}% 17
\BOOKMARK [1][-]{section.3.8}{\376\377\000O\000s\000t\000a\000l\000e\000\040\000b\000i\000b\000l\000i\000o\000t\000e\000k\000e\000\040\000i\000\040\000s\000e\000r\000v\000i\000s\000i}{chapter.3}% 18
\BOOKMARK [0][-]{chapter.4}{\376\377\000A\000r\000h\000i\000t\000e\000k\000t\000u\000r\000a\000\040\000s\000i\000s\000t\000e\000m\000a}{}% 19
\BOOKMARK [1][-]{section.4.1}{\376\377\000P\000r\000e\000g\000l\000e\000d\000\040\000a\000r\000h\000i\000t\000e\000k\000t\000u\000r\000e\000\040\000i\000\040\000t\000o\000k\000\040\000p\000o\000d\000a\000t\000a\000k\000a}{chapter.4}% 20
\BOOKMARK [1][-]{section.4.2}{\376\377\000K\000o\000n\000t\000e\000j\000n\000e\000r\000i\000z\000a\000c\000i\000j\000a\000\040\000i\000\040\000o\000r\000k\000e\000s\000t\000r\000a\000c\000i\000j\000a\000\040\000s\000e\000r\000v\000i\000s\000a}{chapter.4}% 21
\BOOKMARK [1][-]{section.4.3}{\376\377\000S\000i\000g\000u\000r\000n\000o\000s\000t\000\040\000i\000\040\000a\000u\000t\000e\000n\000t\000i\000f\000i\000k\000a\000c\000i\000j\000a}{chapter.4}% 22
\BOOKMARK [0][-]{chapter.5}{\376\377\000P\000r\000i\000p\000r\000e\000m\000a\000\040\000g\000e\000o\000g\000r\000a\000f\000s\000k\000i\000h\000\040\000p\000o\000d\000a\000t\000a\000k\000a\000\040\040\024\000\040\000O\000S\000M\000\040\000e\000k\000s\000t\000r\000a\000k\000c\000i\000j\000a\000\040\000z\000a\000\040\000t\000e\000r\000e\000t\000n\000a\000\040\000v\000o\000z\000i\000l\000a\000\040\000u\000\040\000S\000r\000b\000i\000j\000i}{}% 23
\BOOKMARK [1][-]{section.5.1}{\376\377\000I\000z\000v\000o\000r\000\040\000p\000o\000d\000a\000t\000a\000k\000a\000\040\000i\000\040\000o\000s\000m\000i\000u\000m\000\040\000f\000i\000l\000t\000e\000r}{chapter.5}% 24
\BOOKMARK [1][-]{section.5.2}{\376\377\000I\000z\000g\000r\000a\000d\000n\000j\000a\000\040\000V\000a\000l\000h\000a\000l\000l\000a\000\040\000g\000r\000a\000f\000a}{chapter.5}% 25
\BOOKMARK [1][-]{section.5.3}{\376\377\000E\000k\000s\000t\000r\000a\000k\000c\000i\000j\000a\000\040\000p\000o\000d\000a\000t\000a\000k\000a\000\040\000o\000\040\000o\000d\000m\000a\000r\000a\000l\000i\001\141\000t\000i\000m\000a}{chapter.5}% 26
\BOOKMARK [0][-]{chapter.6}{\376\377\000A\000l\000g\000o\000r\000i\000t\000a\000m\000\040\000r\000u\000t\000i\000r\000a\000n\000j\000a\000\040\000p\000r\000i\000l\000a\000g\000o\001\021\000e\000n\000\040\000v\000o\000z\000i\000l\000u}{}% 27
\BOOKMARK [1][-]{section.6.1}{\376\377\000V\000a\000l\000h\000a\000l\000l\000a\000\040\000t\000r\000u\000c\000k\000\040\000c\000o\000s\000t\000i\000n\000g}{chapter.6}% 28
\BOOKMARK [1][-]{section.6.2}{\376\377\000P\000r\000i\000l\000a\000g\000o\001\021\000e\000n\000a\000\040\000f\000u\000n\000k\000c\000i\000j\000a\000\040\000r\000i\000z\000i\000k\000a\000\040\000\050\000s\000c\000o\000r\000i\000n\000g\000\051}{chapter.6}% 29
\BOOKMARK [1][-]{section.6.3}{\376\377\000O\000b\000j\000a\001\141\000n\000j\000e\000n\000j\000e\000\040\000p\000r\000e\000d\000l\000o\001\176\000e\000n\000e\000\040\000r\000u\000t\000e\000\040\040\024\000\040\000s\000l\000u\001\015\000a\000j\000\040\000N\000o\000v\000i\000\040\000B\000a\000n\000o\000v\000c\000i}{chapter.6}% 30
\BOOKMARK [1][-]{section.6.4}{\376\377\000S\000o\000p\000s\000t\000v\000e\000n\000a\000\040\000i\000m\000p\000l\000e\000m\000e\000n\000t\000a\000c\000i\000j\000a\000\040\000p\000r\000e\000t\000r\000a\000g\000e\000\040\000p\000u\000t\000a\000\040\000n\000a\000d\000\040\000o\000g\000r\000a\000n\000i\001\015\000e\000n\000i\000m\000\040\000p\000o\000d\000g\000r\000a\000f\000o\000m}{chapter.6}% 31
\BOOKMARK [0][-]{chapter.7}{\376\377\000B\000a\000c\000k\000e\000n\000d\000\040\000s\000e\000r\000v\000i\000s\000\040\000i\000\040\000m\000o\000d\000e\000l\000\040\000p\000o\000d\000a\000t\000a\000k\000a}{}% 32
\BOOKMARK [1][-]{section.7.1}{\376\377\000R\000E\000S\000T\000\040\000A\000P\000I}{chapter.7}% 33
\BOOKMARK [1][-]{section.7.2}{\376\377\000M\000o\000d\000e\000l\000\040\000p\000o\000d\000a\000t\000a\000k\000a}{chapter.7}% 34
\BOOKMARK [1][-]{section.7.3}{\376\377\000U\000l\000o\000g\000e\000\040\000v\000o\000z\000a\001\015\000/\000d\000i\000s\000p\000e\001\015\000e\000r}{chapter.7}% 35
\BOOKMARK [1][-]{section.7.4}{\376\377\000A\000s\000i\000n\000h\000r\000o\000n\000a\000\040\000o\000b\000r\000a\000d\000a\000\040\040\024\000\040\000R\000a\000b\000b\000i\000t\000M\000Q\000\040\000i\000\040\000m\000o\000d\000u\000l\000\040\000"\000p\000a\000u\000z\000a\000\040\000v\000o\000z\000a\001\015\000a\000"}{chapter.7}% 36
\BOOKMARK [1][-]{section.7.5}{\376\377\000R\000e\000a\000l\000-\000t\000i\000m\000e\000\040\000k\000o\000m\000u\000n\000i\000k\000a\000c\000i\000j\000a\000\040\040\024\000\040\000W\000e\000b\000S\000o\000c\000k\000e\000t\000\040\000g\000a\000t\000e\000w\000a\000y}{chapter.7}% 37
\BOOKMARK [0][-]{chapter.8}{\376\377\000M\000o\000b\000i\000l\000n\000a\000\040\000a\000p\000l\000i\000k\000a\000c\000i\000j\000a}{}% 38
\BOOKMARK [1][-]{section.8.1}{\376\377\000T\000o\000k\000\040\000k\000o\000r\000i\000s\000n\000i\000k\000a\000\040\040\024\000\040\000v\000o\000z\000a\001\015}{chapter.8}% 39
\BOOKMARK [1][-]{section.8.2}{\376\377\000T\000o\000k\000\040\000k\000o\000r\000i\000s\000n\000i\000k\000a\000\040\040\024\000\040\000d\000i\000s\000p\000e\001\015\000e\000r}{chapter.8}% 40
\BOOKMARK [1][-]{section.8.3}{\376\377\000A\000r\000h\000i\000t\000e\000k\000t\000u\000r\000a\000\040\000m\000o\000b\000i\000l\000n\000e\000\040\000a\000p\000l\000i\000k\000a\000c\000i\000j\000e}{chapter.8}% 41
\BOOKMARK [0][-]{chapter.9}{\376\377\000T\000e\000s\000t\000i\000r\000a\000n\000j\000e\000\040\000i\000\040\000e\000v\000a\000l\000u\000a\000c\000i\000j\000a}{}% 42
\BOOKMARK [1][-]{section.9.1}{\376\377\000A\000u\000t\000o\000m\000a\000t\000i\000z\000o\000v\000a\000n\000o\000\040\000t\000e\000s\000t\000i\000r\000a\000n\000j\000e\000\040\000b\000a\000c\000k\000e\000n\000d\000-\000a}{chapter.9}% 43
\BOOKMARK [1][-]{section.9.2}{\376\377\000E\000v\000a\000l\000u\000a\000c\000i\000j\000a\000\040\000s\000o\000p\000s\000t\000v\000e\000n\000o\000g\000\040\000a\000l\000g\000o\000r\000i\000t\000m\000a\000\040\000n\000a\000d\000\040\000r\000e\000a\000l\000n\000i\000m\000\040\000p\000o\000d\000a\000c\000i\000m\000a}{chapter.9}% 44
\BOOKMARK [1][-]{section.9.3}{\376\377\000U\000t\000i\000c\000a\000j\000\040\000p\000r\000i\000l\000a\000g\000o\001\021\000e\000n\000e\000\040\000f\000u\000n\000k\000c\000i\000j\000e\000\040\000r\000i\000z\000i\000k\000a\000\040\040\024\000\040\000s\000t\000u\000d\000i\000j\000a\000\040\000s\000l\000u\001\015\000a\000j\000a}{chapter.9}% 45
\BOOKMARK [1][-]{section.9.4}{\376\377\000O\000g\000r\000a\000n\000i\001\015\000e\000n\000j\000a\000\040\000i\000d\000e\000n\000t\000i\000f\000i\000k\000o\000v\000a\000n\000a\000\040\000t\000e\000s\000t\000i\000r\000a\000n\000j\000e\000m}{chapter.9}% 46
\BOOKMARK [0][-]{chapter.10}{\376\377\000Z\000a\000k\000l\000j\000u\001\015\000a\000k\000\040\000i\000\040\000b\000u\000d\000u\001\007\000i\000\040\000r\000a\000d}{}% 47
\BOOKMARK [1][-]{section.10.1}{\376\377\000D\000o\000p\000r\000i\000n\000o\000s\000i\000\040\000r\000a\000d\000a}{chapter.10}% 48
\BOOKMARK [1][-]{section.10.2}{\376\377\000O\000g\000r\000a\000n\000i\001\015\000e\000n\000j\000a\000\040\000r\000a\000d\000a}{chapter.10}% 49
\BOOKMARK [1][-]{section.10.3}{\376\377\000P\000r\000a\000v\000c\000i\000\040\000b\000u\000d\000u\001\007\000e\000g\000\040\000r\000a\000d\000a}{chapter.10}% 50
\BOOKMARK [0][-]{section.10.3}{\376\377\000L\000i\000t\000e\000r\000a\000t\000u\000r\000a}{}% 51
\BOOKMARK [0][-]{chapter*.10}{\376\377\000S\000p\000i\000s\000a\000k\000\040\000s\000k\000r\000a\001\007\000e\000n\000i\000c\000a}{}% 52
\BOOKMARK [0][-]{table.10.1}{\376\377\000S\000p\000i\000s\000a\000k\000\040\000s\000l\000i\000k\000a}{}% 53
\BOOKMARK [0][-]{chapter*.11}{\376\377\000S\000p\000i\000s\000a\000k\000\040\000t\000a\000b\000e\000l\000a}{}% 54
\BOOKMARK [0][-]{chapter*.12}{\376\377\000S\000p\000i\000s\000a\000k\000\040\000l\000i\000s\000t\000i\000n\000g\000a}{}% 55
\BOOKMARK [0][-]{chapter*.14}{\376\377\000B\000i\000o\000g\000r\000a\000f\000i\000j\000a}{}% 56
